Wendell@DESKTOP-BMB9N1R MINGW64 ~/github-t2/Amigão (master)
$ git init
Initialized empty Git repository in C:/Users/Wendell/github-t2/Amigão/.git/

Wendell@DESKTOP-BMB9N1R MINGW64 ~/github-t2/Amigão (master)
$ git status
On branch master

No commits yet

Untracked files:
  (use "git add <file>..." to include in what will be committed)
        amig1.html
        amigaoCSS.css
        img/

nothing added to commit but untracked files present (use "git add" to track)

Wendell@DESKTOP-BMB9N1R MINGW64 ~/github-t2/Amigão (master)
$ git add .

Wendell@DESKTOP-BMB9N1R MINGW64 ~/github-t2/Amigão (master)
$ git status
On branch master

No commits yet

Changes to be committed:
  (use "git rm --cached <file>..." to unstage)
        new file:   amig1.html
        new file:   amigaoCSS.css
        new file:   img/Rectangle 4 (1).png
        new file:   img/Rectangle 5.png
        new file:   img/Rectangle 6.png
        new file:   img/Rectangle 7.png
        new file:   img/Rectangle 8.png
        new file:   img/luloso.jpg


Wendell@DESKTOP-BMB9N1R MINGW64 ~/github-t2/Amigão (master)
$ git commit
hint: Waiting for your editor to close the file... error: cannot spawn vscode: No such file or directory
error: unable to start editor 'vscode'
Please supply the message using either -m or -F option.

Wendell@DESKTOP-BMB9N1R MINGW64 ~/github-t2/Amigão (master)
$ git commit -m "amigao"
[master (root-commit) 01ebbb9] amigao
 8 files changed, 242 insertions(+)
 create mode 100644 amig1.html
 create mode 100644 amigaoCSS.css
 create mode 100644 img/Rectangle 4 (1).png
 create mode 100644 img/Rectangle 5.png
 create mode 100644 img/Rectangle 6.png
 create mode 100644 img/Rectangle 7.png
 create mode 100644 img/Rectangle 8.png
 create mode 100644 img/luloso.jpg

Wendell@DESKTOP-BMB9N1R MINGW64 ~/github-t2/Amigão (master)
$ git remote add origin https://github.com/wendell-cunha/amigao.git

Wendell@DESKTOP-BMB9N1R MINGW64 ~/github-t2/Amigão (master)
$ git remote -v
origin  https://github.com/wendell-cunha/amigao.git (fetch)
origin  https://github.com/wendell-cunha/amigao.git (push)

Wendell@DESKTOP-BMB9N1R MINGW64 ~/github-t2/Amigão (master)
$ git push origin master
Enumerating objects: 11, done.
Counting objects: 100% (11/11), done.
Delta compression using up to 2 threads
Compressing objects: 100% (11/11), done.
Writing objects: 100% (11/11), 753.15 KiB | 9.07 MiB/s, done.
Total 11 (delta 0), reused 0 (delta 0), pack-reused 0
To https://github.com/wendell-cunha/amigao.git
 * [new branch]      master -> master

Wendell@DESKTOP-BMB9N1R MINGW64 ~/github-t2/Amigão (master)
$ ^C



Wendell@DESKTOP-BMB9N1R MINGW64 ~/github-t2/Amigão (master)
$
